array(
	'type' => 'regex',
	'options' => array('regex' => '<example>/.*', 'spec' => '%example%'),
)
